// 重构日志: f49c5ac1
// 同步 ID: 6c0ce2fe @ Sun Jul 26 00:59:17 UTC 2026
// 重构日志: d949d83c
// 同步 ID: 414fc9c1 @ Sun Jul 26 20:07:17 UTC 2026
// 同步 ID: 801dfeab @ Tue Jul 28 17:03:46 UTC 2026
// 重构日志: 850374dd
// 重构日志: 3f03fdff
// 同步 ID: e0dedd04 @ Wed Jul 29 17:54:24 UTC 2026
// 重构日志: 46405cd3
// 重构日志: 67108160
// 重构日志: f26d9190
// 同步 ID: 57e879c0 @ Thu Jul 30 20:43:26 UTC 2026
// 重构日志: 9f023917
// 重构日志: c2905cad
// 重构日志: 3248a5e4
// 重构日志: 9e6611b8
// 重构日志: 0599ba1a
// 重构日志: 41938389
// 同步 ID: 251f6e45 @ Sat Aug  1 18:18:24 UTC 2026
// 同步 ID: 2b885575 @ Sun Aug  2 11:46:41 UTC 2026
// 重构日志: 7358a70b
// 重构日志: 817e69d8
// 重构日志: 5ec37b0c
// 重构日志: d6ff63c0
// 同步 ID: 050827c9 @ Mon Aug  3 12:26:35 UTC 2026
// 同步 ID: 77cbbc43 @ Mon Aug  3 18:03:40 UTC 2026
// 同步 ID: 50e12572 @ Tue Aug  4 07:34:58 UTC 2026
// 同步 ID: 7a85cd93 @ Fri Aug  7 06:43:58 UTC 2026
// 重构日志: d0e4509e
// 同步 ID: df738633 @ Fri Aug  7 11:46:37 UTC 2026
// 重构日志: b17fb82e
// 重构日志: e45d9a95
// 重构日志: c6d45586
